[INFO] Scanning for projects...
[INFO] 
[INFO] ----------------------< com.copilot:form-copilot >----------------------
[INFO] Building  0.0.1-SNAPSHOT
[INFO]   from pom.xml
[INFO] --------------------------------[ jar ]---------------------------------
[INFO] 
[INFO] --- clean:3.5.0:clean (default-clean) @ form-copilot ---
[INFO] Deleting C:\Users\Mohak Tandon\.gemini\antigravity\scratch\form-copilot\backend\target
[INFO] ------------------------------------------------------------------------
[INFO] BUILD FAILURE
[INFO] ------------------------------------------------------------------------
[INFO] Total time:  3.391 s
[INFO] Finished at: 2026-09-01T18:10:37+05:30
[INFO] ------------------------------------------------------------------------
[ERROR] Failed to execute goal org.apache.maven.plugins:maven-clean-plugin:3.5.0:clean (default-clean) on project form-copilot: Failed to clean project: Failed to delete C:\Users\Mohak Tandon\.gemini\antigravity\scratch\form-copilot\backend\target\form-copilot-0.0.1-SNAPSHOT.jar: C:\Users\Mohak Tandon\.gemini\antigravity\scratch\form-copilot\backend\target\form-copilot-0.0.1-SNAPSHOT.jar: The process cannot access the file because it is being used by another process -> [Help 1]
[ERROR] 
[ERROR] To see the full stack trace of the errors, re-run Maven with the -e switch.
[ERROR] Re-run Maven using the -X switch to enable full debug logging.
[ERROR] 
[ERROR] For more information about the errors and possible solutions, please read the following articles:
[ERROR] [Help 1] http://cwiki.apache.org/confluence/display/MAVEN/MojoExecutionException
